
> detecra-ai@1.0.0 typecheck
> tsc --noEmit -p tsconfig.app.json

